<html>
<body>
<pre>
<h1>µVision Build Log</h1>
<h2>Project:</h2>
C:\Users\student\Desktop\git\cwiczenie_6_automaty\cwiczenie5_2.uvproj
Project File Date:  03/27/2019

<h2>Output:</h2>
Rebuild target 'Target 1'
assembling Startup.s...
compiling main.c...
main.c(17): error:  #268: declaration may not appear after executable statement in block
main.c(18): error:  #268: declaration may not appear after executable statement in block
compiling led.c...
compiling keyboard.c...
".\cwiczenie5_2.axf" - 2 Errors, 0 Warning(s).
Target not created
Rebuild target 'Target 1'
assembling Startup.s...
compiling main.c...
main.c(17): error:  #268: declaration may not appear after executable statement in block
main.c(18): error:  #268: declaration may not appear after executable statement in block
compiling led.c...
compiling keyboard.c...
".\cwiczenie5_2.axf" - 2 Errors, 0 Warning(s).
Target not created
Rebuild target 'Target 1'
assembling Startup.s...
compiling main.c...
compiling led.c...
compiling keyboard.c...
linking...
Program Size: Code=1148 RO-data=32 RW-data=4 ZI-data=1260  
FromELF: creating hex file...
".\cwiczenie5_2.axf" - 0 Errors, 0 Warning(s).
Rebuild target 'Target 1'
assembling Startup.s...
compiling main.c...
compiling led.c...
compiling keyboard.c...
linking...
Program Size: Code=1156 RO-data=32 RW-data=4 ZI-data=1260  
FromELF: creating hex file...
".\cwiczenie5_2.axf" - 0 Errors, 0 Warning(s).
Rebuild target 'Target 1'
assembling Startup.s...
compiling main.c...
compiling led.c...
compiling keyboard.c...
linking...
Program Size: Code=1164 RO-data=32 RW-data=4 ZI-data=1260  
FromELF: creating hex file...
".\cwiczenie5_2.axf" - 0 Errors, 0 Warning(s).
