<html>
<body>
<pre>
<h1>µVision Build Log</h1>
<h2>Project:</h2>
C:\Users\sarcasmisthere\Desktop\czesc5\cwiczenie5_2.uvproj
Project File Date:  03/12/2019

<h2>Output:</h2>
Rebuild target 'Target 1'
assembling Startup.s...
compiling main.c...
keyboard.h(4): warning:  #1-D: last line of file ends without a newline
compiling led.c...
compiling keyboard.c...
keyboard.h(4): warning:  #1-D: last line of file ends without a newline
linking...
Program Size: Code=1288 RO-data=32 RW-data=4 ZI-data=1260  
FromELF: creating hex file...
".\cwiczenie5_2.axf" - 0 Errors, 2 Warning(s).
Rebuild target 'Target 1'
assembling Startup.s...
compiling main.c...
compiling led.c...
compiling keyboard.c...
linking...
Program Size: Code=1288 RO-data=32 RW-data=4 ZI-data=1260  
FromELF: creating hex file...
".\cwiczenie5_2.axf" - 0 Errors, 0 Warning(s).
Rebuild target 'Target 1'
assembling Startup.s...
compiling main.c...
compiling led.c...
compiling keyboard.c...
linking...
Program Size: Code=1288 RO-data=32 RW-data=4 ZI-data=1260  
FromELF: creating hex file...
".\cwiczenie5_2.axf" - 0 Errors, 0 Warning(s).
